<?xml version="1.0" encoding="UTF-8"?>
<testsuites name="Simple GET Test" tests="1" time="0.186">
  <testsuite name="Test GET Request" id="27351f40-993f-44a7-b959-20fa8e6fcc6a" timestamp="2024-11-13T14:44:06.001Z" tests="0" failures="0" errors="0" time="0.186"/>
</testsuites>